Database
 [ ] Database connection
 [ ] Database selection

Room Management
 [ ] Add room
 [ ] Check room availability
 [ ] Update room

